// Jest Snapshot v1, https://goo.gl/fbAQLP

exports[`The Block class Should generate a new block with a hash based on the previous block 1`] = `"bd20ada7f05cd956f9844abebca214d821de51c1197d75cf2725b276e7df2b3e"`;

exports[`The Block class Should print out a text description of an individual instance 1`] = `
"Block - 
		Timestamp: 123456789
		Last Hash: f1r57-h45h...
		Hash     : bd20ada7f0...
		Data     : 1,2,3"
`;
